2026-05-11 20:09:33 [INFO] range=[2023-01-01, 2024-12-31] statuses=['ranked', 'loved'] modes=[0, 1, 2, 3]
2026-05-11 20:09:33 [INFO] === fetching status=ranked mode=0 ===
2026-05-11 20:09:33 [INFO] fetching access token
2026-05-11 20:09:34 [INFO] status=ranked mode=0 page=1 -> 50 sets, cursor=True
2026-05-11 20:09:35 [INFO] status=ranked mode=0 page=2 -> 50 sets, cursor=True
2026-05-11 20:09:36 [INFO] status=ranked mode=0 page=3 -> 50 sets, cursor=True
2026-05-11 20:09:37 [INFO] status=ranked mode=0 page=4 -> 50 sets, cursor=True
2026-05-11 20:09:38 [INFO] status=ranked mode=0 page=5 -> 50 sets, cursor=True
2026-05-11 20:09:39 [INFO] status=ranked mode=0 page=6 -> 50 sets, cursor=True
2026-05-11 20:09:40 [INFO] status=ranked mode=0 page=7 -> 50 sets, cursor=True
2026-05-11 20:09:41 [INFO] status=ranked mode=0 page=8 -> 50 sets, cursor=True
2026-05-11 20:09:42 [INFO] status=ranked mode=0 page=9 -> 50 sets, cursor=True
2026-05-11 20:09:43 [INFO] status=ranked mode=0 page=10 -> 50 sets, cursor=True
2026-05-11 20:09:44 [INFO] status=ranked mode=0 page=11 -> 50 sets, cursor=True
2026-05-11 20:09:45 [INFO] status=ranked mode=0 page=12 -> 50 sets, cursor=True
2026-05-11 20:09:46 [INFO] status=ranked mode=0 page=13 -> 50 sets, cursor=True
2026-05-11 20:09:47 [INFO] status=ranked mode=0 page=14 -> 50 sets, cursor=True
2026-05-11 20:09:48 [INFO] status=ranked mode=0 page=15 -> 50 sets, cursor=True
2026-05-11 20:09:49 [INFO] status=ranked mode=0 page=16 -> 50 sets, cursor=True
2026-05-11 20:09:50 [INFO] status=ranked mode=0 page=17 -> 50 sets, cursor=True
2026-05-11 20:09:51 [INFO] status=ranked mode=0 page=18 -> 50 sets, cursor=True
2026-05-11 20:09:52 [INFO] status=ranked mode=0 page=19 -> 50 sets, cursor=True
2026-05-11 20:09:53 [INFO] status=ranked mode=0 page=20 -> 50 sets, cursor=True
2026-05-11 20:09:55 [INFO] status=ranked mode=0 page=21 -> 50 sets, cursor=True
2026-05-11 20:09:56 [INFO] status=ranked mode=0 page=22 -> 50 sets, cursor=True
2026-05-11 20:09:57 [INFO] status=ranked mode=0 page=23 -> 50 sets, cursor=True
2026-05-11 20:09:58 [INFO] status=ranked mode=0 page=24 -> 50 sets, cursor=True
2026-05-11 20:09:59 [INFO] status=ranked mode=0 page=25 -> 50 sets, cursor=True
2026-05-11 20:10:00 [INFO] status=ranked mode=0 page=26 -> 50 sets, cursor=True
2026-05-11 20:10:01 [INFO] status=ranked mode=0 page=27 -> 50 sets, cursor=True
2026-05-11 20:10:02 [INFO] status=ranked mode=0 page=28 -> 50 sets, cursor=True
2026-05-11 20:10:03 [INFO] status=ranked mode=0 page=29 -> 50 sets, cursor=True
2026-05-11 20:10:04 [INFO] status=ranked mode=0 page=30 -> 50 sets, cursor=True
2026-05-11 20:10:05 [INFO] status=ranked mode=0 page=31 -> 50 sets, cursor=True
2026-05-11 20:10:06 [INFO] status=ranked mode=0 page=32 -> 50 sets, cursor=True
2026-05-11 20:10:07 [INFO] status=ranked mode=0 page=33 -> 50 sets, cursor=True
2026-05-11 20:10:08 [INFO] status=ranked mode=0 page=34 -> 50 sets, cursor=True
2026-05-11 20:10:09 [INFO] status=ranked mode=0 page=35 -> 50 sets, cursor=True
2026-05-11 20:10:10 [INFO] status=ranked mode=0 page=36 -> 50 sets, cursor=True
2026-05-11 20:10:11 [INFO] status=ranked mode=0 page=37 -> 50 sets, cursor=True
2026-05-11 20:10:12 [INFO] status=ranked mode=0 page=38 -> 50 sets, cursor=True
2026-05-11 20:10:13 [INFO] status=ranked mode=0 page=39 -> 50 sets, cursor=True
2026-05-11 20:10:14 [INFO] status=ranked mode=0 page=40 -> 50 sets, cursor=True
2026-05-11 20:10:15 [INFO] status=ranked mode=0 page=41 -> 50 sets, cursor=True
2026-05-11 20:10:16 [INFO] status=ranked mode=0 page=42 -> 50 sets, cursor=True
2026-05-11 20:10:17 [INFO] status=ranked mode=0 page=43 -> 50 sets, cursor=True
2026-05-11 20:10:18 [INFO] status=ranked mode=0 page=44 -> 50 sets, cursor=True
2026-05-11 20:10:19 [INFO] status=ranked mode=0 page=45 -> 50 sets, cursor=True
2026-05-11 20:10:20 [INFO] status=ranked mode=0 page=46 -> 50 sets, cursor=True
2026-05-11 20:10:21 [INFO] status=ranked mode=0 page=47 -> 50 sets, cursor=True
2026-05-11 20:10:22 [INFO] status=ranked mode=0 page=48 -> 50 sets, cursor=True
2026-05-11 20:10:23 [INFO] status=ranked mode=0 page=49 -> 50 sets, cursor=True
2026-05-11 20:10:24 [INFO] status=ranked mode=0 page=50 -> 50 sets, cursor=True
2026-05-11 20:10:25 [INFO] status=ranked mode=0 page=51 -> 50 sets, cursor=True
2026-05-11 20:10:26 [INFO] status=ranked mode=0 page=52 -> 50 sets, cursor=True
2026-05-11 20:10:27 [INFO] status=ranked mode=0 page=53 -> 50 sets, cursor=True
2026-05-11 20:10:28 [INFO] status=ranked mode=0 page=54 -> 50 sets, cursor=True
2026-05-11 20:10:29 [INFO] status=ranked mode=0 page=55 -> 50 sets, cursor=True
2026-05-11 20:10:30 [INFO] status=ranked mode=0 page=56 -> 50 sets, cursor=True
2026-05-11 20:10:31 [INFO] status=ranked mode=0 page=57 -> 50 sets, cursor=True
2026-05-11 20:10:32 [INFO] status=ranked mode=0 page=58 -> 50 sets, cursor=True
2026-05-11 20:10:33 [INFO] status=ranked mode=0 page=59 -> 50 sets, cursor=True
2026-05-11 20:10:34 [INFO] status=ranked mode=0 page=60 -> 50 sets, cursor=True
2026-05-11 20:10:35 [INFO] status=ranked mode=0 page=61 -> 50 sets, cursor=True
2026-05-11 20:10:36 [INFO] status=ranked mode=0 page=62 -> 50 sets, cursor=True
2026-05-11 20:10:37 [INFO] status=ranked mode=0 page=63 -> 50 sets, cursor=True
2026-05-11 20:10:38 [INFO] status=ranked mode=0 page=64 -> 50 sets, cursor=True
2026-05-11 20:10:39 [INFO] status=ranked mode=0 page=65 -> 50 sets, cursor=True
2026-05-11 20:10:40 [INFO] status=ranked mode=0 page=66 -> 50 sets, cursor=True
2026-05-11 20:10:41 [INFO] status=ranked mode=0 page=67 -> 50 sets, cursor=True
2026-05-11 20:10:42 [INFO] status=ranked mode=0 page=68 -> 50 sets, cursor=True
2026-05-11 20:10:43 [INFO] status=ranked mode=0 page=69 -> 50 sets, cursor=True
2026-05-11 20:10:44 [INFO] status=ranked mode=0 page=70 -> 50 sets, cursor=True
2026-05-11 20:10:45 [INFO] status=ranked mode=0 page=71 -> 50 sets, cursor=True
2026-05-11 20:10:46 [INFO] status=ranked mode=0 page=72 -> 50 sets, cursor=True
2026-05-11 20:10:47 [INFO] status=ranked mode=0 page=73 -> 50 sets, cursor=True
2026-05-11 20:10:48 [INFO] status=ranked mode=0 page=74 -> 50 sets, cursor=True
2026-05-11 20:10:49 [INFO] status=ranked mode=0 page=75 -> 50 sets, cursor=True
2026-05-11 20:10:50 [INFO] status=ranked mode=0 page=76 -> 50 sets, cursor=True
2026-05-11 20:10:51 [INFO] status=ranked mode=0 page=77 -> 50 sets, cursor=True
2026-05-11 20:10:52 [INFO] status=ranked mode=0 page=78 -> 50 sets, cursor=True
2026-05-11 20:10:53 [INFO] status=ranked mode=0 page=79 -> 50 sets, cursor=True
2026-05-11 20:10:54 [INFO] status=ranked mode=0 page=80 -> 50 sets, cursor=True
2026-05-11 20:10:55 [INFO] status=ranked mode=0 page=81 -> 50 sets, cursor=True
2026-05-11 20:10:56 [INFO] status=ranked mode=0 page=82 -> 50 sets, cursor=True
2026-05-11 20:10:57 [INFO] status=ranked mode=0 page=83 -> 50 sets, cursor=True
2026-05-11 20:10:58 [INFO] status=ranked mode=0 page=84 -> 50 sets, cursor=True
2026-05-11 20:10:59 [INFO] status=ranked mode=0 page=85 -> 50 sets, cursor=True
2026-05-11 20:11:00 [INFO] status=ranked mode=0 page=86 -> 50 sets, cursor=True
2026-05-11 20:11:01 [INFO] status=ranked mode=0 page=87 -> 50 sets, cursor=True
2026-05-11 20:11:02 [INFO] status=ranked mode=0 page=88 -> 50 sets, cursor=True
2026-05-11 20:11:03 [INFO] status=ranked mode=0 page=89 -> 50 sets, cursor=True
2026-05-11 20:11:04 [INFO] status=ranked mode=0 page=90 -> 50 sets, cursor=True
2026-05-11 20:11:05 [INFO] status=ranked mode=0 page=91 -> 50 sets, cursor=True
2026-05-11 20:11:06 [INFO] status=ranked mode=0 page=92 -> 50 sets, cursor=True
2026-05-11 20:11:07 [INFO] status=ranked mode=0 page=93 -> 50 sets, cursor=True
2026-05-11 20:11:08 [INFO] status=ranked mode=0 page=94 -> 50 sets, cursor=True
2026-05-11 20:11:09 [INFO] status=ranked mode=0 page=95 -> 50 sets, cursor=True
2026-05-11 20:11:10 [INFO] status=ranked mode=0 page=96 -> 50 sets, cursor=True
2026-05-11 20:11:11 [INFO] status=ranked mode=0 page=97 -> 50 sets, cursor=True
2026-05-11 20:11:12 [INFO] status=ranked mode=0 page=98 -> 50 sets, cursor=True
2026-05-11 20:11:13 [INFO] status=ranked mode=0 page=99 -> 50 sets, cursor=True
2026-05-11 20:11:14 [INFO] status=ranked mode=0 page=100 -> 50 sets, cursor=True
2026-05-11 20:11:15 [INFO] status=ranked mode=0 page=101 -> 50 sets, cursor=True
2026-05-11 20:11:16 [INFO] status=ranked mode=0 page=102 -> 50 sets, cursor=True
2026-05-11 20:11:17 [INFO] status=ranked mode=0 page=103 -> 50 sets, cursor=True
2026-05-11 20:11:18 [INFO] status=ranked mode=0 page=104 -> 50 sets, cursor=True
2026-05-11 20:11:19 [INFO] status=ranked mode=0 page=105 -> 50 sets, cursor=True
2026-05-11 20:11:20 [INFO] status=ranked mode=0 page=106 -> 50 sets, cursor=True
2026-05-11 20:11:21 [INFO] status=ranked mode=0 page=107 -> 50 sets, cursor=True
2026-05-11 20:11:22 [INFO] status=ranked mode=0 page=108 -> 50 sets, cursor=True
2026-05-11 20:11:23 [INFO] status=ranked mode=0 page=109 -> 50 sets, cursor=True
2026-05-11 20:11:24 [INFO] status=ranked mode=0 page=110 -> 50 sets, cursor=True
2026-05-11 20:11:25 [INFO] status=ranked mode=0 page=111 -> 50 sets, cursor=True
2026-05-11 20:11:26 [INFO] status=ranked mode=0 page=112 -> 50 sets, cursor=True
2026-05-11 20:11:27 [INFO] status=ranked mode=0 page=113 -> 27 sets, cursor=False
2026-05-11 20:11:27 [INFO] === fetching status=ranked mode=1 ===
2026-05-11 20:11:27 [INFO] status=ranked mode=1 page=1 -> 50 sets, cursor=True
2026-05-11 20:11:28 [INFO] status=ranked mode=1 page=2 -> 50 sets, cursor=True
2026-05-11 20:11:29 [INFO] status=ranked mode=1 page=3 -> 50 sets, cursor=True
2026-05-11 20:11:30 [INFO] status=ranked mode=1 page=4 -> 50 sets, cursor=True
2026-05-11 20:11:31 [INFO] status=ranked mode=1 page=5 -> 50 sets, cursor=True
2026-05-11 20:11:32 [INFO] status=ranked mode=1 page=6 -> 50 sets, cursor=True
2026-05-11 20:11:34 [INFO] status=ranked mode=1 page=7 -> 50 sets, cursor=True
2026-05-11 20:11:35 [INFO] status=ranked mode=1 page=8 -> 50 sets, cursor=True
2026-05-11 20:11:35 [INFO] status=ranked mode=1 page=9 -> 50 sets, cursor=True
2026-05-11 20:11:36 [INFO] status=ranked mode=1 page=10 -> 50 sets, cursor=True
2026-05-11 20:11:37 [INFO] status=ranked mode=1 page=11 -> 50 sets, cursor=True
2026-05-11 20:11:38 [INFO] status=ranked mode=1 page=12 -> 50 sets, cursor=True
2026-05-11 20:11:40 [INFO] status=ranked mode=1 page=13 -> 50 sets, cursor=True
2026-05-11 20:11:41 [INFO] status=ranked mode=1 page=14 -> 50 sets, cursor=True
2026-05-11 20:11:42 [INFO] status=ranked mode=1 page=15 -> 50 sets, cursor=True
2026-05-11 20:11:42 [INFO] status=ranked mode=1 page=16 -> 50 sets, cursor=True
2026-05-11 20:11:43 [INFO] status=ranked mode=1 page=17 -> 50 sets, cursor=True
2026-05-11 20:11:44 [INFO] status=ranked mode=1 page=18 -> 50 sets, cursor=True
2026-05-11 20:11:45 [INFO] status=ranked mode=1 page=19 -> 50 sets, cursor=True
2026-05-11 20:11:46 [INFO] status=ranked mode=1 page=20 -> 50 sets, cursor=True
2026-05-11 20:11:47 [INFO] status=ranked mode=1 page=21 -> 50 sets, cursor=True
2026-05-11 20:11:48 [INFO] status=ranked mode=1 page=22 -> 50 sets, cursor=True
2026-05-11 20:11:49 [INFO] status=ranked mode=1 page=23 -> 50 sets, cursor=True
2026-05-11 20:11:50 [INFO] status=ranked mode=1 page=24 -> 50 sets, cursor=True
2026-05-11 20:11:51 [INFO] status=ranked mode=1 page=25 -> 50 sets, cursor=True
2026-05-11 20:11:52 [INFO] status=ranked mode=1 page=26 -> 50 sets, cursor=True
2026-05-11 20:11:53 [INFO] status=ranked mode=1 page=27 -> 50 sets, cursor=True
2026-05-11 20:11:54 [INFO] status=ranked mode=1 page=28 -> 50 sets, cursor=True
2026-05-11 20:11:55 [INFO] status=ranked mode=1 page=29 -> 50 sets, cursor=True
2026-05-11 20:11:56 [INFO] status=ranked mode=1 page=30 -> 50 sets, cursor=True
2026-05-11 20:11:57 [INFO] status=ranked mode=1 page=31 -> 50 sets, cursor=True
2026-05-11 20:11:58 [INFO] status=ranked mode=1 page=32 -> 50 sets, cursor=True
2026-05-11 20:11:59 [INFO] status=ranked mode=1 page=33 -> 50 sets, cursor=True
2026-05-11 20:12:00 [INFO] status=ranked mode=1 page=34 -> 50 sets, cursor=True
2026-05-11 20:12:01 [INFO] status=ranked mode=1 page=35 -> 50 sets, cursor=True
2026-05-11 20:12:02 [INFO] status=ranked mode=1 page=36 -> 50 sets, cursor=True
2026-05-11 20:12:03 [INFO] status=ranked mode=1 page=37 -> 50 sets, cursor=True
2026-05-11 20:12:04 [INFO] status=ranked mode=1 page=38 -> 50 sets, cursor=True
2026-05-11 20:12:05 [INFO] status=ranked mode=1 page=39 -> 50 sets, cursor=True
2026-05-11 20:12:06 [INFO] status=ranked mode=1 page=40 -> 34 sets, cursor=False
2026-05-11 20:12:06 [INFO] === fetching status=ranked mode=2 ===
2026-05-11 20:12:07 [INFO] status=ranked mode=2 page=1 -> 50 sets, cursor=True
2026-05-11 20:12:08 [INFO] status=ranked mode=2 page=2 -> 50 sets, cursor=True
2026-05-11 20:12:09 [INFO] status=ranked mode=2 page=3 -> 50 sets, cursor=True
2026-05-11 20:12:10 [INFO] status=ranked mode=2 page=4 -> 50 sets, cursor=True
2026-05-11 20:12:11 [INFO] status=ranked mode=2 page=5 -> 50 sets, cursor=True
2026-05-11 20:12:12 [INFO] status=ranked mode=2 page=6 -> 50 sets, cursor=True
2026-05-11 20:12:13 [INFO] status=ranked mode=2 page=7 -> 50 sets, cursor=True
2026-05-11 20:12:14 [INFO] status=ranked mode=2 page=8 -> 50 sets, cursor=True
2026-05-11 20:12:15 [INFO] status=ranked mode=2 page=9 -> 50 sets, cursor=True
2026-05-11 20:12:16 [INFO] status=ranked mode=2 page=10 -> 50 sets, cursor=True
2026-05-11 20:12:17 [INFO] status=ranked mode=2 page=11 -> 50 sets, cursor=True
2026-05-11 20:12:18 [INFO] status=ranked mode=2 page=12 -> 50 sets, cursor=True
2026-05-11 20:12:19 [INFO] status=ranked mode=2 page=13 -> 50 sets, cursor=True
2026-05-11 20:12:20 [INFO] status=ranked mode=2 page=14 -> 50 sets, cursor=True
2026-05-11 20:12:21 [INFO] status=ranked mode=2 page=15 -> 50 sets, cursor=True
2026-05-11 20:12:22 [INFO] status=ranked mode=2 page=16 -> 5 sets, cursor=False
2026-05-11 20:12:22 [INFO] === fetching status=ranked mode=3 ===
2026-05-11 20:12:22 [INFO] status=ranked mode=3 page=1 -> 50 sets, cursor=True
2026-05-11 20:12:23 [INFO] status=ranked mode=3 page=2 -> 50 sets, cursor=True
2026-05-11 20:12:24 [INFO] status=ranked mode=3 page=3 -> 50 sets, cursor=True
2026-05-11 20:12:25 [INFO] status=ranked mode=3 page=4 -> 50 sets, cursor=True
2026-05-11 20:12:26 [INFO] status=ranked mode=3 page=5 -> 50 sets, cursor=True
2026-05-11 20:12:27 [INFO] status=ranked mode=3 page=6 -> 50 sets, cursor=True
2026-05-11 20:12:28 [INFO] status=ranked mode=3 page=7 -> 50 sets, cursor=True
2026-05-11 20:12:29 [INFO] status=ranked mode=3 page=8 -> 50 sets, cursor=True
2026-05-11 20:12:30 [INFO] status=ranked mode=3 page=9 -> 50 sets, cursor=True
2026-05-11 20:12:31 [INFO] status=ranked mode=3 page=10 -> 50 sets, cursor=True
2026-05-11 20:12:32 [INFO] status=ranked mode=3 page=11 -> 50 sets, cursor=True
2026-05-11 20:12:33 [INFO] status=ranked mode=3 page=12 -> 50 sets, cursor=True
2026-05-11 20:12:34 [INFO] status=ranked mode=3 page=13 -> 50 sets, cursor=True
2026-05-11 20:12:35 [INFO] status=ranked mode=3 page=14 -> 50 sets, cursor=True
2026-05-11 20:12:36 [INFO] status=ranked mode=3 page=15 -> 50 sets, cursor=True
2026-05-11 20:12:37 [INFO] status=ranked mode=3 page=16 -> 50 sets, cursor=True
2026-05-11 20:12:38 [INFO] status=ranked mode=3 page=17 -> 50 sets, cursor=True
2026-05-11 20:12:39 [INFO] status=ranked mode=3 page=18 -> 50 sets, cursor=True
2026-05-11 20:12:40 [INFO] status=ranked mode=3 page=19 -> 50 sets, cursor=True
2026-05-11 20:12:41 [INFO] status=ranked mode=3 page=20 -> 50 sets, cursor=True
2026-05-11 20:12:42 [INFO] status=ranked mode=3 page=21 -> 50 sets, cursor=True
2026-05-11 20:12:43 [INFO] status=ranked mode=3 page=22 -> 50 sets, cursor=True
2026-05-11 20:12:44 [INFO] status=ranked mode=3 page=23 -> 50 sets, cursor=True
2026-05-11 20:12:45 [INFO] status=ranked mode=3 page=24 -> 50 sets, cursor=True
2026-05-11 20:12:46 [INFO] status=ranked mode=3 page=25 -> 50 sets, cursor=True
2026-05-11 20:12:47 [INFO] status=ranked mode=3 page=26 -> 50 sets, cursor=True
2026-05-11 20:12:48 [INFO] status=ranked mode=3 page=27 -> 50 sets, cursor=True
2026-05-11 20:12:49 [INFO] status=ranked mode=3 page=28 -> 50 sets, cursor=True
2026-05-11 20:12:50 [INFO] status=ranked mode=3 page=29 -> 50 sets, cursor=True
2026-05-11 20:12:51 [INFO] status=ranked mode=3 page=30 -> 50 sets, cursor=True
2026-05-11 20:12:52 [INFO] status=ranked mode=3 page=31 -> 50 sets, cursor=True
2026-05-11 20:12:53 [INFO] status=ranked mode=3 page=32 -> 50 sets, cursor=True
2026-05-11 20:12:54 [INFO] status=ranked mode=3 page=33 -> 50 sets, cursor=True
2026-05-11 20:12:55 [INFO] status=ranked mode=3 page=34 -> 50 sets, cursor=True
2026-05-11 20:12:56 [INFO] status=ranked mode=3 page=35 -> 50 sets, cursor=True
2026-05-11 20:12:57 [INFO] status=ranked mode=3 page=36 -> 50 sets, cursor=True
2026-05-11 20:12:58 [INFO] status=ranked mode=3 page=37 -> 50 sets, cursor=True
2026-05-11 20:12:59 [INFO] status=ranked mode=3 page=38 -> 50 sets, cursor=True
2026-05-11 20:13:00 [INFO] status=ranked mode=3 page=39 -> 50 sets, cursor=True
2026-05-11 20:13:01 [INFO] status=ranked mode=3 page=40 -> 50 sets, cursor=True
2026-05-11 20:13:02 [INFO] status=ranked mode=3 page=41 -> 50 sets, cursor=True
2026-05-11 20:13:03 [INFO] status=ranked mode=3 page=42 -> 50 sets, cursor=True
2026-05-11 20:13:04 [INFO] status=ranked mode=3 page=43 -> 50 sets, cursor=True
2026-05-11 20:13:05 [INFO] status=ranked mode=3 page=44 -> 50 sets, cursor=True
2026-05-11 20:13:06 [INFO] status=ranked mode=3 page=45 -> 50 sets, cursor=True
2026-05-11 20:13:07 [INFO] status=ranked mode=3 page=46 -> 50 sets, cursor=True
2026-05-11 20:13:08 [INFO] status=ranked mode=3 page=47 -> 33 sets, cursor=False
2026-05-11 20:13:08 [INFO] === fetching status=loved mode=0 ===
2026-05-11 20:13:08 [INFO] status=loved mode=0 page=1 -> 50 sets, cursor=True
2026-05-11 20:13:09 [INFO] status=loved mode=0 page=2 -> 50 sets, cursor=True
2026-05-11 20:13:10 [INFO] status=loved mode=0 page=3 -> 50 sets, cursor=True
2026-05-11 20:13:11 [INFO] status=loved mode=0 page=4 -> 50 sets, cursor=True
2026-05-11 20:13:12 [INFO] status=loved mode=0 page=5 -> 46 sets, cursor=False
2026-05-11 20:13:12 [INFO] === fetching status=loved mode=1 ===
2026-05-11 20:13:12 [INFO] status=loved mode=1 page=1 -> 50 sets, cursor=True
2026-05-11 20:13:13 [INFO] status=loved mode=1 page=2 -> 50 sets, cursor=True
2026-05-11 20:13:14 [INFO] status=loved mode=1 page=3 -> 10 sets, cursor=False
2026-05-11 20:13:14 [INFO] === fetching status=loved mode=2 ===
2026-05-11 20:13:14 [INFO] status=loved mode=2 page=1 -> 50 sets, cursor=True
2026-05-11 20:13:15 [INFO] status=loved mode=2 page=2 -> 37 sets, cursor=False
2026-05-11 20:13:15 [INFO] === fetching status=loved mode=3 ===
2026-05-11 20:13:16 [INFO] status=loved mode=3 page=1 -> 50 sets, cursor=True
2026-05-11 20:13:17 [INFO] status=loved mode=3 page=2 -> 50 sets, cursor=True
2026-05-11 20:13:18 [INFO] status=loved mode=3 page=3 -> 50 sets, cursor=True
2026-05-11 20:13:19 [INFO] status=loved mode=3 page=4 -> 50 sets, cursor=True
2026-05-11 20:13:20 [INFO] status=loved mode=3 page=5 -> 24 sets, cursor=False
2026-05-11 20:13:20 [INFO] cached 43507 records to D:\lxxzyh\osu-automation\diffs_cache.json
2026-05-11 20:13:20 [INFO] classification summary: {'standard': 16307, 'gd_standard': 10318, 'trivial': 10171, 'poetic': 6711}
2026-05-11 20:13:20 [INFO] writing 6338 poetic candidates to D:\lxxzyh\osu-automation\poetic_diffs.csv
2026-05-11 20:13:20 [INFO] writing full classification audit to D:\lxxzyh\osu-automation\all_diffs_audit.csv
2026-05-11 20:13:20 [INFO] done.
